<!DOCTYPE html>
<html>
<head><title>2020 - test logs</title><link rel="stylesheet" type="text/css" href="../index.css"><meta name="viewport" content="width=device-width, initial-scale=1"></head>
<body>
<p>This is a test announcement.</p>
<h1><span class="d">←2019</span>  2020  <a href="2021.html">2021→</a>  <a href="all.html">↑all</a>  <a href="#about">↓about</a></h1>
<div class="b">
<div class="m"><h2>2020-12</h2>
<ul>
<li class="m"><a href="2020-12.html">full month</a> - <a href="2020-12.txt">text</a> - <a href="2020-12-raw.txt">raw</a><li><a href="2020-12-31.html">2020-12-31</a> - <a href="2020-12-31.txt">text</a> - <a href="2020-12-31-raw.txt">raw</a></li>
<li><a href="2020-12-30.html">2020-12-30</a> - <a href="2020-12-30.txt">text</a> - <a href="2020-12-30-raw.txt">raw</a></li>
<li><a href="2020-12-29.html">2020-12-29</a> - <a href="2020-12-29.txt">text</a> - <a href="2020-12-29-raw.txt">raw</a></li>
</ul>
</div>
</div>
<p>These are test logs.</p>
</body>
</html>
