<!DOCTYPE html>
<html>
<head><title>2021 - #esoteric logs</title><link rel="stylesheet" type="text/css" href="index.css"><meta name="viewport" content="width=device-width, initial-scale=1"></head>
<body>
<h1><a href="2020.html">←2020</a>  2021  <span class="d">2022→</span>  <a href="all.html">↑all</a>  <a href="#about">↓about</a></h1>
<ul class="s"><li class="m"><a href="stalker.html#eof">stalker mode</a></li></ul>
<div class="b">
<div class="m"><h2>2021-01</h2>
<ul>
<li class="m"><a href="2021-01.html">full month</a> - <a href="2021-01.txt">text</a> - <a href="2021-01-raw.txt">raw</a><li><a href="2021-01-03.html">2021-01-03</a> - <a href="2021-01-03.txt">text</a> - <a href="2021-01-03-raw.txt">raw</a></li>
<li><a href="2021-01-02.html">2021-01-02</a> - <a href="2021-01-02.txt">text</a> - <a href="2021-01-02-raw.txt">raw</a></li>
<li><a href="2021-01-01.html">2021-01-01</a> - <a href="2021-01-01.txt">text</a> - <a href="2021-01-01-raw.txt">raw</a></li>
</ul>
</div>
</div>
<h1 id="about">about</h1>
<p>These logs are for the <code>#esoteric</code> IRC channel on Freenode. See <a href="https://esolangs.org/wiki/Esolang:Community_portal">Esolang:Community portal</a> for more information about the channel. The code for collecting these logs can be found in the <a href="https://github.com/fis/esolangs">github.com/fis/esolangs</a> repository.</p>
<p>Other public collections of logs of the channel can be found at <a href="http://codu.org/logs/_esoteric/">codu.org</a> and <a href="http://tunes.org/~nef/logs/esoteric/?C=M;O=D">tunes.org</a>.</p>
</body>
</html>
